---
source: crates/parser/src/input.rs
expression: input
---
kind:
  - EndLine
  - WhiteSpace
  - FunctionKw
  - WhiteSpace
  - Identifier
  - LParen
  - Identifier
  - RParen
  - WhiteSpace
  - LCurly
  - EndLine
  - WhiteSpace
  - VarKw
  - WhiteSpace
  - Identifier
  - WhiteSpace
  - Assign
  - WhiteSpace
  - Number
  - Semicolon
  - EndLine
  - WhiteSpace
  - VarKw
  - WhiteSpace
  - Identifier
  - WhiteSpace
  - Assign
  - WhiteSpace
  - Number
  - Semicolon
  - EndLine
  - WhiteSpace
  - WhileKw
  - WhiteSpace
  - LParen
  - Identifier
  - Sub
  - Number
  - LessThan
  - Identifier
  - RParen
  - WhiteSpace
  - LCurly
  - EndLine
  - WhiteSpace
  - Identifier
  - UnitInc
  - Semicolon
  - EndLine
  - WhiteSpace
  - Identifier
  - WhiteSpace
  - MulAssign
  - WhiteSpace
  - Number
  - Semicolon
  - EndLine
  - WhiteSpace
  - RCurly
  - EndLine
  - WhiteSpace
  - ReturnKw
  - WhiteSpace
  - Identifier
  - Semicolon
  - EndLine
  - WhiteSpace
  - RCurly
source: "\n    function nbits(a) {\n        var n = 1;\n        var r = 0;\n        while (n-1<a) {\n            r++;\n            n *= 2;\n        }\n        return r;\n    }"
position:
  - start: 0
    end: 1
  - start: 1
    end: 5
  - start: 5
    end: 13
  - start: 13
    end: 14
  - start: 14
    end: 19
  - start: 19
    end: 20
  - start: 20
    end: 21
  - start: 21
    end: 22
  - start: 22
    end: 23
  - start: 23
    end: 24
  - start: 24
    end: 25
  - start: 25
    end: 33
  - start: 33
    end: 36
  - start: 36
    end: 37
  - start: 37
    end: 38
  - start: 38
    end: 39
  - start: 39
    end: 40
  - start: 40
    end: 41
  - start: 41
    end: 42
  - start: 42
    end: 43
  - start: 43
    end: 44
  - start: 44
    end: 52
  - start: 52
    end: 55
  - start: 55
    end: 56
  - start: 56
    end: 57
  - start: 57
    end: 58
  - start: 58
    end: 59
  - start: 59
    end: 60
  - start: 60
    end: 61
  - start: 61
    end: 62
  - start: 62
    end: 63
  - start: 63
    end: 71
  - start: 71
    end: 76
  - start: 76
    end: 77
  - start: 77
    end: 78
  - start: 78
    end: 79
  - start: 79
    end: 80
  - start: 80
    end: 81
  - start: 81
    end: 82
  - start: 82
    end: 83
  - start: 83
    end: 84
  - start: 84
    end: 85
  - start: 85
    end: 86
  - start: 86
    end: 87
  - start: 87
    end: 99
  - start: 99
    end: 100
  - start: 100
    end: 102
  - start: 102
    end: 103
  - start: 103
    end: 104
  - start: 104
    end: 116
  - start: 116
    end: 117
  - start: 117
    end: 118
  - start: 118
    end: 120
  - start: 120
    end: 121
  - start: 121
    end: 122
  - start: 122
    end: 123
  - start: 123
    end: 124
  - start: 124
    end: 132
  - start: 132
    end: 133
  - start: 133
    end: 134
  - start: 134
    end: 142
  - start: 142
    end: 148
  - start: 148
    end: 149
  - start: 149
    end: 150
  - start: 150
    end: 151
  - start: 151
    end: 152
  - start: 152
    end: 156
  - start: 156
    end: 157
