---
source: crates/syntax/src/syntax.rs
expression: template_names
---
- BinSum
