---
source: crates/syntax/src/syntax.rs
expression: function_names
---
- nbits
